2026-04-28 07:36:34,835 [INFO] ==========================================================================================
2026-04-28 07:36:34,835 [INFO] BOVA11 DAILY GEX REPORT -- RTD_CSV
2026-04-28 07:36:34,835 [INFO] ==========================================================================================
2026-04-28 07:36:34,835 [INFO] Spot           : 185.83
2026-04-28 07:36:34,835 [INFO] Chain Rows     : 148
2026-04-28 07:36:34,835 [INFO] Call Wall      : 190.00
2026-04-28 07:36:34,835 [INFO] Put Wall       : 185.00
2026-04-28 07:36:34,835 [INFO] Gamma Flip     : 187.56
2026-04-28 07:36:34,835 [INFO] Total GEX      : -1,965,397,434.00
2026-04-28 07:36:34,835 [INFO] Peak Strike    : 186.00
2026-04-28 07:36:34,835 [INFO] Peak GEX       : -1,091,138,502.08
2026-04-28 07:36:34,835 [INFO] Total Call OI  : 5,849,213.00
2026-04-28 07:36:34,835 [INFO] Total Put OI   : 5,963,348.00
2026-04-28 07:36:34,835 [INFO] PCR            : 1.0195
2026-04-28 07:36:34,835 [INFO] RTD CSV Rows   : 0
2026-04-28 07:36:34,835 [INFO] RTD OI Sum     : 0
2026-04-28 07:36:34,835 [INFO] RTD Matched    : 0
2026-04-28 07:36:34,835 [WARNING] DATA QUALITY WARNINGS:
2026-04-28 07:36:34,835 [WARNING] - WARNING: Large gap detected in strikes (max gap: 25.00)
2026-04-28 07:36:34,835 [WARNING] - WARNING: Extreme OI outlier detected (max much greater than median)
2026-04-28 07:36:34,850 [WARNING] - WARNING: Extreme volume outlier detected (max much greater than median)
2026-04-28 07:36:35,385 [INFO] GEX by strike plot saved as bova11_gex_by_strike_rtd_csv.png
2026-04-28 07:36:35,385 [INFO] ==========================================================================================
2026-04-28 07:36:35,385 [INFO] BOVA11 DAILY GEX REPORT -- B3_VOLUME_PROXY
2026-04-28 07:36:35,385 [INFO] ==========================================================================================
2026-04-28 07:36:35,385 [INFO] Spot           : 185.83
2026-04-28 07:36:35,385 [INFO] Chain Rows     : 148
2026-04-28 07:36:35,385 [INFO] Call Wall      : 190.00
2026-04-28 07:36:35,385 [INFO] Put Wall       : 185.00
2026-04-28 07:36:35,385 [INFO] Gamma Flip     : 187.56
2026-04-28 07:36:35,385 [INFO] Total GEX      : -1,965,397,434.00
2026-04-28 07:36:35,385 [INFO] Peak Strike    : 186.00
2026-04-28 07:36:35,385 [INFO] Peak GEX       : -1,091,138,502.08
2026-04-28 07:36:35,385 [INFO] Total Call OI  : 5,849,213.00
2026-04-28 07:36:35,385 [INFO] Total Put OI   : 5,963,348.00
2026-04-28 07:36:35,396 [INFO] PCR            : 1.0195
2026-04-28 07:36:35,396 [WARNING] DATA QUALITY WARNINGS:
2026-04-28 07:36:35,396 [WARNING] - WARNING: Large gap detected in strikes (max gap: 25.00)
2026-04-28 07:36:35,396 [WARNING] - WARNING: Extreme OI outlier detected (max much greater than median)
2026-04-28 07:36:35,396 [WARNING] - WARNING: Extreme volume outlier detected (max much greater than median)
2026-04-28 07:36:35,535 [INFO] GEX by strike plot saved as bova11_gex_by_strike_b3_volume_proxy.png
