2026-04-27 23:25:30,022 [INFO] ==========================================================================================
2026-04-27 23:25:30,022 [INFO] BOVA11 DAILY GEX REPORT -- RTD_CSV
2026-04-27 23:25:30,022 [INFO] ==========================================================================================
2026-04-27 23:25:30,022 [INFO] Spot           : 185.83
2026-04-27 23:25:30,022 [INFO] Chain Rows     : 148
2026-04-27 23:25:30,022 [INFO] Call Wall      : 190.00
2026-04-27 23:25:30,022 [INFO] Put Wall       : 185.00
2026-04-27 23:25:30,022 [INFO] Gamma Flip     : 187.08
2026-04-27 23:25:30,022 [INFO] Total GEX      : -1,337,850,767.96
2026-04-27 23:25:30,022 [INFO] Peak Strike    : 186.00
2026-04-27 23:25:30,022 [INFO] Peak GEX       : -1,004,387,911.00
2026-04-27 23:25:30,022 [INFO] Total Call OI  : 5,849,213.00
2026-04-27 23:25:30,022 [INFO] Total Put OI   : 5,963,348.00
2026-04-27 23:25:30,022 [INFO] PCR            : 1.0195
2026-04-27 23:25:30,022 [INFO] RTD CSV Rows   : 0
2026-04-27 23:25:30,022 [INFO] RTD OI Sum     : 0
2026-04-27 23:25:30,022 [INFO] RTD Matched    : 0
2026-04-27 23:25:30,022 [WARNING] DATA QUALITY WARNINGS:
2026-04-27 23:25:30,022 [WARNING] - WARNING: Large gap detected in strikes (max gap: 25.00)
2026-04-27 23:25:30,022 [WARNING] - WARNING: Extreme OI outlier detected (max much greater than median)
2026-04-27 23:25:30,022 [WARNING] - WARNING: Extreme volume outlier detected (max much greater than median)
2026-04-27 23:25:30,270 [INFO] GEX by strike plot saved as bova11_gex_by_strike_rtd_csv.png
2026-04-27 23:25:30,270 [INFO] ==========================================================================================
2026-04-27 23:25:30,270 [INFO] BOVA11 DAILY GEX REPORT -- B3_VOLUME_PROXY
2026-04-27 23:25:30,270 [INFO] ==========================================================================================
2026-04-27 23:25:30,270 [INFO] Spot           : 185.83
2026-04-27 23:25:30,270 [INFO] Chain Rows     : 148
2026-04-27 23:25:30,270 [INFO] Call Wall      : 190.00
2026-04-27 23:25:30,270 [INFO] Put Wall       : 185.00
2026-04-27 23:25:30,270 [INFO] Gamma Flip     : 187.08
2026-04-27 23:25:30,270 [INFO] Total GEX      : -1,337,850,767.96
2026-04-27 23:25:30,270 [INFO] Peak Strike    : 186.00
2026-04-27 23:25:30,285 [INFO] Peak GEX       : -1,004,387,911.00
2026-04-27 23:25:30,285 [INFO] Total Call OI  : 5,849,213.00
2026-04-27 23:25:30,285 [INFO] Total Put OI   : 5,963,348.00
2026-04-27 23:25:30,285 [INFO] PCR            : 1.0195
2026-04-27 23:25:30,285 [WARNING] DATA QUALITY WARNINGS:
2026-04-27 23:25:30,286 [WARNING] - WARNING: Large gap detected in strikes (max gap: 25.00)
2026-04-27 23:25:30,286 [WARNING] - WARNING: Extreme OI outlier detected (max much greater than median)
2026-04-27 23:25:30,286 [WARNING] - WARNING: Extreme volume outlier detected (max much greater than median)
2026-04-27 23:25:30,439 [INFO] GEX by strike plot saved as bova11_gex_by_strike_b3_volume_proxy.png
